// Jest Snapshot v1, https://goo.gl/fbAQLP

exports[`matches snapshot 1`] = `
Object {
  "asFragment": [Function],
  "baseElement": <body>
    <div>
      <div
        class="sc-bdvvtL gGYjnV Notification undefined"
        data-testid="test-Notification"
      >
        <div
          aria-atomic="true"
          aria-live="assertive"
          class="fade toast show"
          role="alert"
        >
          <div
            class="toast-header"
          >
            <strong
              class="me-auto"
            >
              Your trip is booked!
            </strong>
            <button
              aria-label="Close"
              class="btn-close"
              data-dismiss="toast"
              type="button"
            />
          </div>
          <div
            class="toast-body"
          />
        </div>
      </div>
    </div>
  </body>,
  "container": <div>
    <div
      class="sc-bdvvtL gGYjnV Notification undefined"
      data-testid="test-Notification"
    >
      <div
        aria-atomic="true"
        aria-live="assertive"
        class="fade toast show"
        role="alert"
      >
        <div
          class="toast-header"
        >
          <strong
            class="me-auto"
          >
            Your trip is booked!
          </strong>
          <button
            aria-label="Close"
            class="btn-close"
            data-dismiss="toast"
            type="button"
          />
        </div>
        <div
          class="toast-body"
        />
      </div>
    </div>
  </div>,
  "debug": [Function],
  "findAllByAltText": [Function],
  "findAllByDisplayValue": [Function],
  "findAllByLabelText": [Function],
  "findAllByPlaceholderText": [Function],
  "findAllByRole": [Function],
  "findAllByTestId": [Function],
  "findAllByText": [Function],
  "findAllByTitle": [Function],
  "findByAltText": [Function],
  "findByDisplayValue": [Function],
  "findByLabelText": [Function],
  "findByPlaceholderText": [Function],
  "findByRole": [Function],
  "findByTestId": [Function],
  "findByText": [Function],
  "findByTitle": [Function],
  "getAllByAltText": [Function],
  "getAllByDisplayValue": [Function],
  "getAllByLabelText": [Function],
  "getAllByPlaceholderText": [Function],
  "getAllByRole": [Function],
  "getAllByTestId": [Function],
  "getAllByText": [Function],
  "getAllByTitle": [Function],
  "getByAltText": [Function],
  "getByDisplayValue": [Function],
  "getByLabelText": [Function],
  "getByPlaceholderText": [Function],
  "getByRole": [Function],
  "getByTestId": [Function],
  "getByText": [Function],
  "getByTitle": [Function],
  "queryAllByAltText": [Function],
  "queryAllByDisplayValue": [Function],
  "queryAllByLabelText": [Function],
  "queryAllByPlaceholderText": [Function],
  "queryAllByRole": [Function],
  "queryAllByTestId": [Function],
  "queryAllByText": [Function],
  "queryAllByTitle": [Function],
  "queryByAltText": [Function],
  "queryByDisplayValue": [Function],
  "queryByLabelText": [Function],
  "queryByPlaceholderText": [Function],
  "queryByRole": [Function],
  "queryByTestId": [Function],
  "queryByText": [Function],
  "queryByTitle": [Function],
  "rerender": [Function],
  "unmount": [Function],
}
`;
