// Jest Snapshot v1, https://goo.gl/fbAQLP

exports[`matches snapshot 1`] = `
Object {
  "asFragment": [Function],
  "baseElement": <body>
    <div>
      <div
        class="sc-bdvvtL jUgbOi ToggleModeButton mod-checked undefined"
        data-testid="test-ToggleModeButton"
      >
        <span>
          Light
        </span>
        <input
          autocomplete="off"
          checked=""
          class="btn-check"
          id="toggle-dark-mode"
          value="dark"
        />
        <label
          class="btn btn-primary"
          for="toggle-dark-mode"
          role="button"
          tabindex="0"
        >
          Toggle
        </label>
        <span>
          Dark
        </span>
      </div>
    </div>
  </body>,
  "container": <div>
    <div
      class="sc-bdvvtL jUgbOi ToggleModeButton mod-checked undefined"
      data-testid="test-ToggleModeButton"
    >
      <span>
        Light
      </span>
      <input
        autocomplete="off"
        checked=""
        class="btn-check"
        id="toggle-dark-mode"
        value="dark"
      />
      <label
        class="btn btn-primary"
        for="toggle-dark-mode"
        role="button"
        tabindex="0"
      >
        Toggle
      </label>
      <span>
        Dark
      </span>
    </div>
  </div>,
  "debug": [Function],
  "findAllByAltText": [Function],
  "findAllByDisplayValue": [Function],
  "findAllByLabelText": [Function],
  "findAllByPlaceholderText": [Function],
  "findAllByRole": [Function],
  "findAllByTestId": [Function],
  "findAllByText": [Function],
  "findAllByTitle": [Function],
  "findByAltText": [Function],
  "findByDisplayValue": [Function],
  "findByLabelText": [Function],
  "findByPlaceholderText": [Function],
  "findByRole": [Function],
  "findByTestId": [Function],
  "findByText": [Function],
  "findByTitle": [Function],
  "getAllByAltText": [Function],
  "getAllByDisplayValue": [Function],
  "getAllByLabelText": [Function],
  "getAllByPlaceholderText": [Function],
  "getAllByRole": [Function],
  "getAllByTestId": [Function],
  "getAllByText": [Function],
  "getAllByTitle": [Function],
  "getByAltText": [Function],
  "getByDisplayValue": [Function],
  "getByLabelText": [Function],
  "getByPlaceholderText": [Function],
  "getByRole": [Function],
  "getByTestId": [Function],
  "getByText": [Function],
  "getByTitle": [Function],
  "queryAllByAltText": [Function],
  "queryAllByDisplayValue": [Function],
  "queryAllByLabelText": [Function],
  "queryAllByPlaceholderText": [Function],
  "queryAllByRole": [Function],
  "queryAllByTestId": [Function],
  "queryAllByText": [Function],
  "queryAllByTitle": [Function],
  "queryByAltText": [Function],
  "queryByDisplayValue": [Function],
  "queryByLabelText": [Function],
  "queryByPlaceholderText": [Function],
  "queryByRole": [Function],
  "queryByTestId": [Function],
  "queryByText": [Function],
  "queryByTitle": [Function],
  "rerender": [Function],
  "unmount": [Function],
}
`;
